C51 COMPILER V9.54   TRANSMITTER                                                           10/06/2015 14:30:28 PAGE 1   


C51 COMPILER V9.54, COMPILATION OF MODULE TRANSMITTER
OBJECT MODULE PLACED IN .\Objects\Transmitter.obj
COMPILER INVOKED BY: C:\Keil_v5\C51\BIN\C51.EXE Transmitter.c OPTIMIZE(8,SPEED) BROWSE DEBUG OBJECTEXTEND PRINT(.\Listin
                    -gs\Transmitter.lst) TABS(2) OBJECT(.\Objects\Transmitter.obj)

line level    source

   1          //Transmitter
   2          //Group 1
   3          /**
   4          Muppirala Viswa Virinchi
   5          Sai Ritwik
   6          Gokul Koraganji
   7          **/
   8          #include "at89c5131.h"
   9          #include "stdio.h"
  10          #define KEY P0
  11          #define PRESS P1
  12          
  13          void SerTx(int x);
  14          void MSDelay(unsigned int value);
  15          
  16          int keypad[4][4]= {
  17            0,1,2,3,
  18            4,5,6,7,
  19            8,9,10,11,
  20            12,13,14,15
  21          };
  22          
  23          void main()
  24          {
  25   1      
  26   1        unsigned char colloc, rowloc;
  27   1        TMOD = 0x20;//timer 1 mode 2
  28   1        TH1 = 243; //4800 baud
  29   1        SCON = 0x50;//1stop bit and 8-bit long
  30   1        TR1 = 1;//Start Timer
  31   1        KEY = 0xFF;//Read from this port
  32   1        while(1){
  33   2          do{
  34   3            KEY = 0x0F;
  35   3            colloc = KEY;
  36   3            colloc &=0x0F;
  37   3            }while(colloc != 0x0F);
  38   2          do{
  39   3      
  40   3            do{
  41   4      
  42   4              MSDelay(20);
  43   4              colloc = KEY;
  44   4              colloc &= 0x0F;
  45   4            }while(colloc == 0x0F);
  46   3      
  47   3            MSDelay(20);
  48   3            colloc = KEY;
  49   3            colloc &= 0x0F;
  50   3      
  51   3          }while(colloc == 0x0F);
  52   2          while(1){
  53   3            KEY=0xEF;
  54   3            colloc = KEY;
C51 COMPILER V9.54   TRANSMITTER                                                           10/06/2015 14:30:28 PAGE 2   

  55   3            colloc &= 0x0F;
  56   3            if(colloc != 0x0F)
  57   3            {
  58   4              rowloc =0;
  59   4              break;
  60   4            }
  61   3      
  62   3            KEY=0xDF;
  63   3            colloc = KEY;
  64   3            colloc &= 0x0F;
  65   3            if(colloc != 0x0F)
  66   3            {
  67   4              rowloc =1;
  68   4              break;
  69   4            }
  70   3      
  71   3      
  72   3            KEY=0xBF;
  73   3            colloc = KEY;
  74   3            colloc &= 0x0F;
  75   3            if(colloc != 0x0F)
  76   3            {
  77   4              rowloc =2;
  78   4              break;
  79   4            }
  80   3      
  81   3      
  82   3            KEY=0x7F;
  83   3            colloc = KEY;
  84   3            colloc &= 0x0F;
  85   3            rowloc =3;
  86   3            break;
  87   3          }
  88   2          if(colloc == 0x0E){
  89   3            SerTx(keypad[rowloc][0]);
  90   3            PRESS =keypad[rowloc][0]*16;}
  91   2          else if(colloc == 0x0D){
  92   3            SerTx(keypad[rowloc][1]);
  93   3            PRESS =keypad[rowloc][1]*16;} 
  94   2            else if(colloc == 0x0B){
  95   3            SerTx(keypad[rowloc][2]);   
  96   3            PRESS =keypad[rowloc][2]*16;}
  97   2            else{
  98   3            SerTx(keypad[rowloc][3]);
  99   3            PRESS =keypad[rowloc][3]*16;}   
 100   2            
 101   2        }
 102   1      }
 103          
 104          void SerTx(int x)
 105          {
 106   1        SBUF = x;
 107   1        while(TI==0);
 108   1        TI = 0;
 109   1      }
 110          
 111          void MSDelay(unsigned int value)
 112          {
 113   1        unsigned int x, y;
 114   1        for(x=0;x<1275;x++)
 115   1          for(y=0;y<value;y++);
 116   1      }
C51 COMPILER V9.54   TRANSMITTER                                                           10/06/2015 14:30:28 PAGE 3   



MODULE INFORMATION:   STATIC OVERLAYABLE
   CODE SIZE        =    304    ----
   CONSTANT SIZE    =   ----    ----
   XDATA SIZE       =   ----    ----
   PDATA SIZE       =   ----    ----
   DATA SIZE        =     32       2
   IDATA SIZE       =   ----    ----
   BIT SIZE         =   ----    ----
END OF MODULE INFORMATION.


C51 COMPILATION COMPLETE.  0 WARNING(S),  0 ERROR(S)
